[0.837s] Invoking command in '/home/joao/ros2_ws/src/robot_pointnet/build/robot_pointnet': DEBUGINFOD_URLS=https://debuginfod.ubuntu.com PYTHONPATH=/home/joao/ros2_ws/src/robot_pointnet/build/robot_pointnet/prefix_override:/usr/lib/python3/dist-packages/colcon_core/task/python/colcon_distutils_commands:/home/joao/ros2_ws/src/robot_pointnet/install/robot_pointnet/lib/python3.12/site-packages:${PYTHONPATH} /usr/bin/python3 -W ignore:setup.py install is deprecated -W ignore:easy_install command is deprecated setup.py develop --editable --build-directory /home/joao/ros2_ws/src/robot_pointnet/build/robot_pointnet/build --no-deps symlink_data --force
[1.157s] running develop
[1.372s] running egg_info
[1.393s] writing robot_pointnet.egg-info/PKG-INFO
[1.393s] writing dependency_links to robot_pointnet.egg-info/dependency_links.txt
[1.393s] writing entry points to robot_pointnet.egg-info/entry_points.txt
[1.394s] writing requirements to robot_pointnet.egg-info/requires.txt
[1.394s] writing top-level names to robot_pointnet.egg-info/top_level.txt
[1.435s] reading manifest file 'robot_pointnet.egg-info/SOURCES.txt'
[1.435s] writing manifest file 'robot_pointnet.egg-info/SOURCES.txt'
[1.457s] running build_ext
[1.457s] Creating /home/joao/ros2_ws/src/robot_pointnet/install/robot_pointnet/lib/python3.12/site-packages/robot-pointnet.egg-link (link to .)
[1.458s] Installing fake_segmentator script to /home/joao/ros2_ws/src/robot_pointnet/install/robot_pointnet/lib/robot_pointnet
[1.458s] Installing pointnet script to /home/joao/ros2_ws/src/robot_pointnet/install/robot_pointnet/lib/robot_pointnet
[1.458s] 
[1.458s] Installed /home/joao/ros2_ws/src/robot_pointnet/build/robot_pointnet
[1.458s] running symlink_data
[1.458s] symbolically linking /home/joao/ros2_ws/src/robot_pointnet/build/robot_pointnet/resource/robot_pointnet -> /home/joao/ros2_ws/src/robot_pointnet/install/robot_pointnet/share/ament_index/resource_index/packages
[1.458s] symbolically linking /home/joao/ros2_ws/src/robot_pointnet/build/robot_pointnet/launch/FakeSegmentator.py -> /home/joao/ros2_ws/src/robot_pointnet/install/robot_pointnet/share/robot_pointnet/launch
[1.458s] symbolically linking /home/joao/ros2_ws/src/robot_pointnet/build/robot_pointnet/package.xml -> /home/joao/ros2_ws/src/robot_pointnet/install/robot_pointnet/share/robot_pointnet
[1.503s] Invoked command in '/home/joao/ros2_ws/src/robot_pointnet/build/robot_pointnet' returned '0': DEBUGINFOD_URLS=https://debuginfod.ubuntu.com PYTHONPATH=/home/joao/ros2_ws/src/robot_pointnet/build/robot_pointnet/prefix_override:/usr/lib/python3/dist-packages/colcon_core/task/python/colcon_distutils_commands:/home/joao/ros2_ws/src/robot_pointnet/install/robot_pointnet/lib/python3.12/site-packages:${PYTHONPATH} /usr/bin/python3 -W ignore:setup.py install is deprecated -W ignore:easy_install command is deprecated setup.py develop --editable --build-directory /home/joao/ros2_ws/src/robot_pointnet/build/robot_pointnet/build --no-deps symlink_data --force
