[1.715s] Invoking command in '/home/joao/ros2_ws/src/robot_pointnet/build/robot_pointnet': DEBUGINFOD_URLS=https://debuginfod.ubuntu.com PYTHONPATH=/home/joao/ros2_ws/src/robot_pointnet/build/robot_pointnet/prefix_override:/usr/lib/python3/dist-packages/colcon_core/task/python/colcon_distutils_commands:/home/joao/ros2_ws/src/robot_pointnet/install/robot_pointnet/lib/python3.12/site-packages:${PYTHONPATH} /usr/bin/python3 -W ignore:setup.py install is deprecated -W ignore:easy_install command is deprecated setup.py develop --uninstall --editable --build-directory /home/joao/ros2_ws/src/robot_pointnet/build/robot_pointnet/build
[2.320s] running develop
[2.759s] Removing /home/joao/ros2_ws/src/robot_pointnet/install/robot_pointnet/lib/python3.12/site-packages/robot-pointnet.egg-link (link to .)
[2.818s] Invoked command in '/home/joao/ros2_ws/src/robot_pointnet/build/robot_pointnet' returned '0': DEBUGINFOD_URLS=https://debuginfod.ubuntu.com PYTHONPATH=/home/joao/ros2_ws/src/robot_pointnet/build/robot_pointnet/prefix_override:/usr/lib/python3/dist-packages/colcon_core/task/python/colcon_distutils_commands:/home/joao/ros2_ws/src/robot_pointnet/install/robot_pointnet/lib/python3.12/site-packages:${PYTHONPATH} /usr/bin/python3 -W ignore:setup.py install is deprecated -W ignore:easy_install command is deprecated setup.py develop --uninstall --editable --build-directory /home/joao/ros2_ws/src/robot_pointnet/build/robot_pointnet/build
[2.820s] Invoking command in '/home/joao/ros2_ws/src/robot_pointnet': DEBUGINFOD_URLS=https://debuginfod.ubuntu.com PYTHONPATH=/home/joao/ros2_ws/src/robot_pointnet/build/robot_pointnet/prefix_override:/usr/lib/python3/dist-packages/colcon_core/task/python/colcon_distutils_commands:/home/joao/ros2_ws/src/robot_pointnet/install/robot_pointnet/lib/python3.12/site-packages:${PYTHONPATH} /usr/bin/python3 -W ignore:setup.py install is deprecated -W ignore:easy_install command is deprecated setup.py egg_info --egg-base build/robot_pointnet build --build-base /home/joao/ros2_ws/src/robot_pointnet/build/robot_pointnet/build install --record /home/joao/ros2_ws/src/robot_pointnet/build/robot_pointnet/install.log --single-version-externally-managed install_data --force
[3.336s] running egg_info
[3.378s] writing build/robot_pointnet/robot_pointnet.egg-info/PKG-INFO
[3.378s] writing dependency_links to build/robot_pointnet/robot_pointnet.egg-info/dependency_links.txt
[3.378s] writing entry points to build/robot_pointnet/robot_pointnet.egg-info/entry_points.txt
[3.379s] writing requirements to build/robot_pointnet/robot_pointnet.egg-info/requires.txt
[3.379s] writing top-level names to build/robot_pointnet/robot_pointnet.egg-info/top_level.txt
[3.461s] reading manifest file 'build/robot_pointnet/robot_pointnet.egg-info/SOURCES.txt'
[3.462s] writing manifest file 'build/robot_pointnet/robot_pointnet.egg-info/SOURCES.txt'
[3.462s] running build
[3.462s] running build_py
[3.463s] copying robot_pointnet/fake_segmentator.py -> /home/joao/ros2_ws/src/robot_pointnet/build/robot_pointnet/build/lib/robot_pointnet
[3.463s] running install
[3.474s] running install_lib
[3.516s] creating /home/joao/ros2_ws/src/robot_pointnet/install/robot_pointnet/lib/python3.12/site-packages/robot_pointnet
[3.516s] copying /home/joao/ros2_ws/src/robot_pointnet/build/robot_pointnet/build/lib/robot_pointnet/__init__.py -> /home/joao/ros2_ws/src/robot_pointnet/install/robot_pointnet/lib/python3.12/site-packages/robot_pointnet
[3.516s] copying /home/joao/ros2_ws/src/robot_pointnet/build/robot_pointnet/build/lib/robot_pointnet/pointnet.py -> /home/joao/ros2_ws/src/robot_pointnet/install/robot_pointnet/lib/python3.12/site-packages/robot_pointnet
[3.517s] copying /home/joao/ros2_ws/src/robot_pointnet/build/robot_pointnet/build/lib/robot_pointnet/KDTree.py -> /home/joao/ros2_ws/src/robot_pointnet/install/robot_pointnet/lib/python3.12/site-packages/robot_pointnet
[3.517s] copying /home/joao/ros2_ws/src/robot_pointnet/build/robot_pointnet/build/lib/robot_pointnet/pointnet_utils.py -> /home/joao/ros2_ws/src/robot_pointnet/install/robot_pointnet/lib/python3.12/site-packages/robot_pointnet
[3.517s] copying /home/joao/ros2_ws/src/robot_pointnet/build/robot_pointnet/build/lib/robot_pointnet/fake_segmentator.py -> /home/joao/ros2_ws/src/robot_pointnet/install/robot_pointnet/lib/python3.12/site-packages/robot_pointnet
[3.517s] byte-compiling /home/joao/ros2_ws/src/robot_pointnet/install/robot_pointnet/lib/python3.12/site-packages/robot_pointnet/__init__.py to __init__.cpython-312.pyc
[3.517s] byte-compiling /home/joao/ros2_ws/src/robot_pointnet/install/robot_pointnet/lib/python3.12/site-packages/robot_pointnet/pointnet.py to pointnet.cpython-312.pyc
[3.519s] byte-compiling /home/joao/ros2_ws/src/robot_pointnet/install/robot_pointnet/lib/python3.12/site-packages/robot_pointnet/KDTree.py to KDTree.cpython-312.pyc
[3.520s] byte-compiling /home/joao/ros2_ws/src/robot_pointnet/install/robot_pointnet/lib/python3.12/site-packages/robot_pointnet/pointnet_utils.py to pointnet_utils.cpython-312.pyc
[3.523s] byte-compiling /home/joao/ros2_ws/src/robot_pointnet/install/robot_pointnet/lib/python3.12/site-packages/robot_pointnet/fake_segmentator.py to fake_segmentator.cpython-312.pyc
[3.524s] running install_data
[3.525s] copying resource/robot_pointnet -> /home/joao/ros2_ws/src/robot_pointnet/install/robot_pointnet/share/ament_index/resource_index/packages
[3.525s] copying launch/FakeSegmentator.py -> /home/joao/ros2_ws/src/robot_pointnet/install/robot_pointnet/share/robot_pointnet/launch
[3.525s] copying package.xml -> /home/joao/ros2_ws/src/robot_pointnet/install/robot_pointnet/share/robot_pointnet
[3.525s] running install_egg_info
[3.568s] Copying build/robot_pointnet/robot_pointnet.egg-info to /home/joao/ros2_ws/src/robot_pointnet/install/robot_pointnet/lib/python3.12/site-packages/robot_pointnet-0.0.0-py3.12.egg-info
[3.570s] running install_scripts
[3.858s] Installing fake_segmentator script to /home/joao/ros2_ws/src/robot_pointnet/install/robot_pointnet/lib/robot_pointnet
[3.858s] Installing pointnet script to /home/joao/ros2_ws/src/robot_pointnet/install/robot_pointnet/lib/robot_pointnet
[3.859s] writing list of installed files to '/home/joao/ros2_ws/src/robot_pointnet/build/robot_pointnet/install.log'
[3.925s] Invoked command in '/home/joao/ros2_ws/src/robot_pointnet' returned '0': DEBUGINFOD_URLS=https://debuginfod.ubuntu.com PYTHONPATH=/home/joao/ros2_ws/src/robot_pointnet/build/robot_pointnet/prefix_override:/usr/lib/python3/dist-packages/colcon_core/task/python/colcon_distutils_commands:/home/joao/ros2_ws/src/robot_pointnet/install/robot_pointnet/lib/python3.12/site-packages:${PYTHONPATH} /usr/bin/python3 -W ignore:setup.py install is deprecated -W ignore:easy_install command is deprecated setup.py egg_info --egg-base build/robot_pointnet build --build-base /home/joao/ros2_ws/src/robot_pointnet/build/robot_pointnet/build install --record /home/joao/ros2_ws/src/robot_pointnet/build/robot_pointnet/install.log --single-version-externally-managed install_data --force
