[1.873s] Invoking command in '/home/joao/ros2_ws/src/robot_pointnet/build/robot_pointnet': DEBUGINFOD_URLS=https://debuginfod.ubuntu.com PYTHONPATH=/home/joao/ros2_ws/src/robot_pointnet/build/robot_pointnet/prefix_override:/usr/lib/python3/dist-packages/colcon_core/task/python/colcon_distutils_commands:/home/joao/ros2_ws/src/robot_pointnet/install/robot_pointnet/lib/python3.12/site-packages:${PYTHONPATH} /usr/bin/python3 -W ignore:setup.py install is deprecated -W ignore:easy_install command is deprecated setup.py develop --editable --build-directory /home/joao/ros2_ws/src/robot_pointnet/build/robot_pointnet/build --no-deps symlink_data --force
[2.506s] running develop
[2.935s] running egg_info
[2.976s] writing robot_pointnet.egg-info/PKG-INFO
[2.977s] writing dependency_links to robot_pointnet.egg-info/dependency_links.txt
[2.977s] writing entry points to robot_pointnet.egg-info/entry_points.txt
[2.977s] writing requirements to robot_pointnet.egg-info/requires.txt
[2.977s] writing top-level names to robot_pointnet.egg-info/top_level.txt
[3.060s] reading manifest file 'robot_pointnet.egg-info/SOURCES.txt'
[3.061s] writing manifest file 'robot_pointnet.egg-info/SOURCES.txt'
[3.104s] running build_ext
[3.105s] Creating /home/joao/ros2_ws/src/robot_pointnet/install/robot_pointnet/lib/python3.12/site-packages/robot-pointnet.egg-link (link to .)
[3.105s] Installing fake_segmentator script to /home/joao/ros2_ws/src/robot_pointnet/install/robot_pointnet/lib/robot_pointnet
[3.106s] Installing pointnet script to /home/joao/ros2_ws/src/robot_pointnet/install/robot_pointnet/lib/robot_pointnet
[3.106s] 
[3.106s] Installed /home/joao/ros2_ws/src/robot_pointnet/build/robot_pointnet
[3.106s] running symlink_data
[3.107s] symbolically linking /home/joao/ros2_ws/src/robot_pointnet/build/robot_pointnet/resource/robot_pointnet -> /home/joao/ros2_ws/src/robot_pointnet/install/robot_pointnet/share/ament_index/resource_index/packages
[3.107s] symbolically linking /home/joao/ros2_ws/src/robot_pointnet/build/robot_pointnet/launch/FakeSegmentator.py -> /home/joao/ros2_ws/src/robot_pointnet/install/robot_pointnet/share/robot_pointnet/launch
[3.107s] symbolically linking /home/joao/ros2_ws/src/robot_pointnet/build/robot_pointnet/package.xml -> /home/joao/ros2_ws/src/robot_pointnet/install/robot_pointnet/share/robot_pointnet
[3.172s] Invoked command in '/home/joao/ros2_ws/src/robot_pointnet/build/robot_pointnet' returned '0': DEBUGINFOD_URLS=https://debuginfod.ubuntu.com PYTHONPATH=/home/joao/ros2_ws/src/robot_pointnet/build/robot_pointnet/prefix_override:/usr/lib/python3/dist-packages/colcon_core/task/python/colcon_distutils_commands:/home/joao/ros2_ws/src/robot_pointnet/install/robot_pointnet/lib/python3.12/site-packages:${PYTHONPATH} /usr/bin/python3 -W ignore:setup.py install is deprecated -W ignore:easy_install command is deprecated setup.py develop --editable --build-directory /home/joao/ros2_ws/src/robot_pointnet/build/robot_pointnet/build --no-deps symlink_data --force
