[0.099s] DEBUG:colcon:Command line arguments: ['/usr/bin/colcon', 'build', '--symlink-install']
[0.099s] DEBUG:colcon:Parsed command line arguments: Namespace(log_base=None, log_level=None, verb_name='build', build_base='build', install_base='install', merge_install=False, symlink_install=True, test_result_base=None, continue_on_error=False, executor='parallel', parallel_workers=16, event_handlers=None, ignore_user_meta=False, metas=['./colcon.meta'], base_paths=['.'], packages_ignore=None, packages_ignore_regex=None, paths=None, packages_up_to=None, packages_up_to_regex=None, packages_above=None, packages_above_and_dependencies=None, packages_above_depth=None, packages_select_by_dep=None, packages_skip_by_dep=None, packages_skip_up_to=None, packages_select_build_failed=False, packages_skip_build_finished=False, packages_select_test_failures=False, packages_skip_test_passed=False, packages_select=None, packages_skip=None, packages_select_regex=None, packages_skip_regex=None, packages_start=None, packages_end=None, allow_overriding=[], cmake_args=None, cmake_target=None, cmake_target_skip_unavailable=False, cmake_clean_cache=False, cmake_clean_first=False, cmake_force_configure=False, ament_cmake_args=None, catkin_cmake_args=None, catkin_skip_building_tests=False, mixin_files=None, mixin=None, verb_parser=<colcon_mixin.mixin.mixin_argument.MixinArgumentDecorator object at 0x754afae9fad0>, verb_extension=<colcon_core.verb.build.BuildVerb object at 0x754afae9f7d0>, main=<bound method BuildVerb.main of <colcon_core.verb.build.BuildVerb object at 0x754afae9f7d0>>, mixin_verb=('build',))
[0.134s] Level 1:colcon.colcon_core.package_discovery:discover_packages(colcon_meta) check parameters
[0.134s] Level 1:colcon.colcon_core.package_discovery:discover_packages(recursive) check parameters
[0.134s] Level 1:colcon.colcon_core.package_discovery:discover_packages(ignore) check parameters
[0.134s] Level 1:colcon.colcon_core.package_discovery:discover_packages(path) check parameters
[0.134s] Level 1:colcon.colcon_core.package_discovery:discover_packages(colcon_meta) discover
[0.134s] Level 1:colcon.colcon_core.package_discovery:discover_packages(recursive) discover
[0.134s] INFO:colcon.colcon_core.package_discovery:Crawling recursively for packages in '/home/joao/ros2_ws/src/robot_pointnet'
[0.134s] Level 1:colcon.colcon_core.package_identification:_identify(.) by extensions ['ignore', 'ignore_ament_install']
[0.134s] Level 1:colcon.colcon_core.package_identification:_identify(.) by extension 'ignore'
[0.134s] Level 1:colcon.colcon_core.package_identification:_identify(.) by extension 'ignore_ament_install'
[0.134s] Level 1:colcon.colcon_core.package_identification:_identify(.) by extensions ['colcon_pkg']
[0.134s] Level 1:colcon.colcon_core.package_identification:_identify(.) by extension 'colcon_pkg'
[0.134s] Level 1:colcon.colcon_core.package_identification:_identify(.) by extensions ['colcon_meta']
[0.134s] Level 1:colcon.colcon_core.package_identification:_identify(.) by extension 'colcon_meta'
[0.134s] Level 1:colcon.colcon_core.package_identification:_identify(.) by extensions ['ros']
[0.134s] Level 1:colcon.colcon_core.package_identification:_identify(.) by extension 'ros'
[0.159s] DEBUG:colcon.colcon_core.package_identification:Package '.' with type 'ros.ament_python' and name 'robot_pointnet'
[0.159s] Level 1:colcon.colcon_core.package_discovery:discover_packages(recursive) using defaults
[0.159s] Level 1:colcon.colcon_core.package_discovery:discover_packages(ignore) discover
[0.159s] Level 1:colcon.colcon_core.package_discovery:discover_packages(ignore) using defaults
[0.159s] Level 1:colcon.colcon_core.package_discovery:discover_packages(path) discover
[0.159s] Level 1:colcon.colcon_core.package_discovery:discover_packages(path) using defaults
[0.173s] Level 1:colcon.colcon_core.package_discovery:discover_packages(prefix_path) check parameters
[0.174s] Level 1:colcon.colcon_core.package_discovery:discover_packages(prefix_path) discover
[0.175s] DEBUG:colcon.colcon_installed_package_information.package_discovery:Found 6 installed packages in /home/joao/ros2_ws/install
[0.177s] DEBUG:colcon.colcon_installed_package_information.package_discovery:Found 402 installed packages in /opt/ros/jazzy
[0.179s] Level 1:colcon.colcon_core.package_discovery:discover_packages(prefix_path) using defaults
[0.229s] Level 5:colcon.colcon_core.verb:set package 'robot_pointnet' build argument 'cmake_args' from command line to 'None'
[0.229s] Level 5:colcon.colcon_core.verb:set package 'robot_pointnet' build argument 'cmake_target' from command line to 'None'
[0.229s] Level 5:colcon.colcon_core.verb:set package 'robot_pointnet' build argument 'cmake_target_skip_unavailable' from command line to 'False'
[0.229s] Level 5:colcon.colcon_core.verb:set package 'robot_pointnet' build argument 'cmake_clean_cache' from command line to 'False'
[0.229s] Level 5:colcon.colcon_core.verb:set package 'robot_pointnet' build argument 'cmake_clean_first' from command line to 'False'
[0.229s] Level 5:colcon.colcon_core.verb:set package 'robot_pointnet' build argument 'cmake_force_configure' from command line to 'False'
[0.229s] Level 5:colcon.colcon_core.verb:set package 'robot_pointnet' build argument 'ament_cmake_args' from command line to 'None'
[0.230s] Level 5:colcon.colcon_core.verb:set package 'robot_pointnet' build argument 'catkin_cmake_args' from command line to 'None'
[0.230s] Level 5:colcon.colcon_core.verb:set package 'robot_pointnet' build argument 'catkin_skip_building_tests' from command line to 'False'
[0.230s] DEBUG:colcon.colcon_core.verb:Building package 'robot_pointnet' with the following arguments: {'ament_cmake_args': None, 'build_base': '/home/joao/ros2_ws/src/robot_pointnet/build/robot_pointnet', 'catkin_cmake_args': None, 'catkin_skip_building_tests': False, 'cmake_args': None, 'cmake_clean_cache': False, 'cmake_clean_first': False, 'cmake_force_configure': False, 'cmake_target': None, 'cmake_target_skip_unavailable': False, 'install_base': '/home/joao/ros2_ws/src/robot_pointnet/install/robot_pointnet', 'merge_install': False, 'path': '/home/joao/ros2_ws/src/robot_pointnet', 'symlink_install': True, 'test_result_base': None}
[0.230s] INFO:colcon.colcon_core.executor:Executing jobs using 'parallel' executor
[0.231s] DEBUG:colcon.colcon_parallel_executor.executor.parallel:run_until_complete
[0.231s] INFO:colcon.colcon_ros.task.ament_python.build:Building ROS package in '/home/joao/ros2_ws/src/robot_pointnet' with build type 'ament_python'
[0.231s] Level 1:colcon.colcon_core.shell:create_environment_hook('robot_pointnet', 'ament_prefix_path')
[0.233s] INFO:colcon.colcon_core.plugin_system:Skipping extension 'colcon_core.shell.bat': Not used on non-Windows systems
[0.233s] INFO:colcon.colcon_core.shell:Creating environment hook '/home/joao/ros2_ws/src/robot_pointnet/install/robot_pointnet/share/robot_pointnet/hook/ament_prefix_path.ps1'
[0.234s] INFO:colcon.colcon_core.shell:Creating environment descriptor '/home/joao/ros2_ws/src/robot_pointnet/install/robot_pointnet/share/robot_pointnet/hook/ament_prefix_path.dsv'
[0.234s] INFO:colcon.colcon_core.shell:Creating environment hook '/home/joao/ros2_ws/src/robot_pointnet/install/robot_pointnet/share/robot_pointnet/hook/ament_prefix_path.sh'
[0.235s] INFO:colcon.colcon_core.shell:Skip shell extension 'powershell' for command environment: Not usable outside of PowerShell
[0.235s] DEBUG:colcon.colcon_core.shell:Skip shell extension 'dsv' for command environment
[0.451s] INFO:colcon.colcon_core.task.python.build:Building Python package in '/home/joao/ros2_ws/src/robot_pointnet'
[0.451s] INFO:colcon.colcon_core.shell:Skip shell extension 'powershell' for command environment: Not usable outside of PowerShell
[0.451s] DEBUG:colcon.colcon_core.shell:Skip shell extension 'dsv' for command environment
[1.064s] DEBUG:colcon.colcon_core.event_handler.log_command:Invoking command in '/home/joao/ros2_ws/src/robot_pointnet/build/robot_pointnet': DEBUGINFOD_URLS=https://debuginfod.ubuntu.com PYTHONPATH=/home/joao/ros2_ws/src/robot_pointnet/build/robot_pointnet/prefix_override:/usr/lib/python3/dist-packages/colcon_core/task/python/colcon_distutils_commands:/home/joao/ros2_ws/src/robot_pointnet/install/robot_pointnet/lib/python3.12/site-packages:${PYTHONPATH} /usr/bin/python3 -W ignore:setup.py install is deprecated -W ignore:easy_install command is deprecated setup.py develop --editable --build-directory /home/joao/ros2_ws/src/robot_pointnet/build/robot_pointnet/build --no-deps symlink_data
[1.730s] Level 1:colcon.colcon_core.shell:create_environment_hook('robot_pointnet', 'pythonpath_develop')
[1.730s] DEBUG:colcon.colcon_core.event_handler.log_command:Invoked command in '/home/joao/ros2_ws/src/robot_pointnet/build/robot_pointnet' returned '0': DEBUGINFOD_URLS=https://debuginfod.ubuntu.com PYTHONPATH=/home/joao/ros2_ws/src/robot_pointnet/build/robot_pointnet/prefix_override:/usr/lib/python3/dist-packages/colcon_core/task/python/colcon_distutils_commands:/home/joao/ros2_ws/src/robot_pointnet/install/robot_pointnet/lib/python3.12/site-packages:${PYTHONPATH} /usr/bin/python3 -W ignore:setup.py install is deprecated -W ignore:easy_install command is deprecated setup.py develop --editable --build-directory /home/joao/ros2_ws/src/robot_pointnet/build/robot_pointnet/build --no-deps symlink_data
[1.730s] INFO:colcon.colcon_core.shell:Creating environment hook '/home/joao/ros2_ws/src/robot_pointnet/build/robot_pointnet/share/robot_pointnet/hook/pythonpath_develop.ps1'
[1.731s] INFO:colcon.colcon_core.shell:Creating environment descriptor '/home/joao/ros2_ws/src/robot_pointnet/build/robot_pointnet/share/robot_pointnet/hook/pythonpath_develop.dsv'
[1.731s] INFO:colcon.colcon_core.shell:Creating environment hook '/home/joao/ros2_ws/src/robot_pointnet/build/robot_pointnet/share/robot_pointnet/hook/pythonpath_develop.sh'
[1.733s] Level 1:colcon.colcon_core.environment:checking '/home/joao/ros2_ws/src/robot_pointnet/install/robot_pointnet' for CMake module files
[1.734s] Level 1:colcon.colcon_core.environment:checking '/home/joao/ros2_ws/src/robot_pointnet/install/robot_pointnet' for CMake config files
[1.734s] Level 1:colcon.colcon_core.environment:checking '/home/joao/ros2_ws/src/robot_pointnet/install/robot_pointnet/lib'
[1.734s] Level 1:colcon.colcon_core.environment:checking '/home/joao/ros2_ws/src/robot_pointnet/install/robot_pointnet/bin'
[1.734s] Level 1:colcon.colcon_core.environment:checking '/home/joao/ros2_ws/src/robot_pointnet/install/robot_pointnet/lib/pkgconfig/robot_pointnet.pc'
[1.735s] Level 1:colcon.colcon_core.environment:checking '/home/joao/ros2_ws/src/robot_pointnet/install/robot_pointnet/lib/python3.12/site-packages'
[1.735s] Level 1:colcon.colcon_core.shell:create_environment_hook('robot_pointnet', 'pythonpath')
[1.735s] INFO:colcon.colcon_core.shell:Creating environment hook '/home/joao/ros2_ws/src/robot_pointnet/install/robot_pointnet/share/robot_pointnet/hook/pythonpath.ps1'
[1.736s] INFO:colcon.colcon_core.shell:Creating environment descriptor '/home/joao/ros2_ws/src/robot_pointnet/install/robot_pointnet/share/robot_pointnet/hook/pythonpath.dsv'
[1.736s] INFO:colcon.colcon_core.shell:Creating environment hook '/home/joao/ros2_ws/src/robot_pointnet/install/robot_pointnet/share/robot_pointnet/hook/pythonpath.sh'
[1.737s] Level 1:colcon.colcon_core.environment:checking '/home/joao/ros2_ws/src/robot_pointnet/install/robot_pointnet/bin'
[1.737s] Level 1:colcon.colcon_core.environment:create_environment_scripts_only(robot_pointnet)
[1.737s] INFO:colcon.colcon_core.shell:Creating package script '/home/joao/ros2_ws/src/robot_pointnet/install/robot_pointnet/share/robot_pointnet/package.ps1'
[1.738s] INFO:colcon.colcon_core.shell:Creating package descriptor '/home/joao/ros2_ws/src/robot_pointnet/install/robot_pointnet/share/robot_pointnet/package.dsv'
[1.739s] INFO:colcon.colcon_core.shell:Creating package script '/home/joao/ros2_ws/src/robot_pointnet/install/robot_pointnet/share/robot_pointnet/package.sh'
[1.739s] INFO:colcon.colcon_core.shell:Creating package script '/home/joao/ros2_ws/src/robot_pointnet/install/robot_pointnet/share/robot_pointnet/package.bash'
[1.740s] INFO:colcon.colcon_core.shell:Creating package script '/home/joao/ros2_ws/src/robot_pointnet/install/robot_pointnet/share/robot_pointnet/package.zsh'
[1.740s] Level 1:colcon.colcon_core.environment:create_file_with_runtime_dependencies(/home/joao/ros2_ws/src/robot_pointnet/install/robot_pointnet/share/colcon-core/packages/robot_pointnet)
[1.741s] DEBUG:colcon.colcon_parallel_executor.executor.parallel:closing loop
[1.741s] DEBUG:colcon.colcon_parallel_executor.executor.parallel:loop closed
[1.741s] DEBUG:colcon.colcon_parallel_executor.executor.parallel:run_until_complete finished with '0'
[1.741s] DEBUG:colcon.colcon_core.event_reactor:joining thread
[1.746s] INFO:colcon.colcon_core.plugin_system:Skipping extension 'colcon_notification.desktop_notification.terminal_notifier': Not used on non-Darwin systems
[1.746s] INFO:colcon.colcon_core.plugin_system:Skipping extension 'colcon_notification.desktop_notification.win32': Not used on non-Windows systems
[1.746s] INFO:colcon.colcon_notification.desktop_notification:Sending desktop notification using 'notify2'
[1.762s] DEBUG:colcon.colcon_core.event_reactor:joined thread
[1.763s] INFO:colcon.colcon_core.shell:Creating prefix script '/home/joao/ros2_ws/src/robot_pointnet/install/local_setup.ps1'
[1.764s] INFO:colcon.colcon_core.shell:Creating prefix util module '/home/joao/ros2_ws/src/robot_pointnet/install/_local_setup_util_ps1.py'
[1.766s] INFO:colcon.colcon_core.shell:Creating prefix chain script '/home/joao/ros2_ws/src/robot_pointnet/install/setup.ps1'
[1.768s] INFO:colcon.colcon_core.shell:Creating prefix script '/home/joao/ros2_ws/src/robot_pointnet/install/local_setup.sh'
[1.768s] INFO:colcon.colcon_core.shell:Creating prefix util module '/home/joao/ros2_ws/src/robot_pointnet/install/_local_setup_util_sh.py'
[1.769s] INFO:colcon.colcon_core.shell:Creating prefix chain script '/home/joao/ros2_ws/src/robot_pointnet/install/setup.sh'
[1.770s] INFO:colcon.colcon_core.shell:Creating prefix script '/home/joao/ros2_ws/src/robot_pointnet/install/local_setup.bash'
[1.770s] INFO:colcon.colcon_core.shell:Creating prefix chain script '/home/joao/ros2_ws/src/robot_pointnet/install/setup.bash'
[1.771s] INFO:colcon.colcon_core.shell:Creating prefix script '/home/joao/ros2_ws/src/robot_pointnet/install/local_setup.zsh'
[1.772s] INFO:colcon.colcon_core.shell:Creating prefix chain script '/home/joao/ros2_ws/src/robot_pointnet/install/setup.zsh'
